2026-04-20 23:08:13 [main] ERROR BaseClass - This is a Error Message
2026-04-20 23:08:13 [main] FATAL BaseClass - This is a fatal message
2026-04-20 23:08:32 [main] ERROR BaseClass - This is a Error Message
2026-04-20 23:08:32 [main] FATAL BaseClass - This is a fatal message
2026-04-20 23:08:55 [main] ERROR BaseClass - This is a Error Message
2026-04-20 23:08:55 [main] FATAL BaseClass - This is a fatal message
2026-04-20 23:09:14 [main] ERROR BaseClass - This is a Error Message
2026-04-20 23:09:14 [main] FATAL BaseClass - This is a fatal message
2026-04-20 23:10:02 [main] ERROR ActionDriver - Unable to click element
2026-04-20 23:50:03 [main] ERROR BaseClass - This is a Error Message
2026-04-20 23:50:03 [main] FATAL BaseClass - This is a fatal message
2026-04-20 23:50:03 [main] ERROR ActionDriver - unable to describe the elementRange [0, 50) out of bounds for length 5
2026-04-20 23:50:13 [main] ERROR BaseClass - This is a Error Message
2026-04-20 23:50:13 [main] FATAL BaseClass - This is a fatal message
2026-04-20 23:50:14 [main] ERROR ActionDriver - unable to describe the elementRange [0, 50) out of bounds for length 5
2026-04-20 23:50:15 [main] ERROR ActionDriver - unable to describe the elementRange [0, 50) out of bounds for length 5
2026-04-20 23:50:25 [main] ERROR ActionDriver - unable to describe the elementno such element: Unable to locate element: {"method":"xpath","selector":"//a[text()='Logout']"}
  (Session info: chrome=147.0.7727.56)
For documentation on this error, please visit: https://www.selenium.dev/documentation/webdriver/troubleshooting/errors#nosuchelementexception
Build info: version: '4.41.0', revision: '9fc754f'
System info: os.name: 'Windows 11', os.arch: 'amd64', os.version: '10.0', java.version: '25.0.1'
Driver info: org.openqa.selenium.chrome.ChromeDriver
Command: [6b8f16f839e0a7d5be3465f7799631fb, findElement {using=xpath, value=//a[text()='Logout']}]
Capabilities {acceptInsecureCerts: false, browserName: chrome, browserVersion: 147.0.7727.56, chrome: {chromedriverVersion: 147.0.7727.57 (b4f28b5637d0..., userDataDir: C:\Users\kanishka Sharma\Ap...}, fedcm:accounts: true, goog:chromeOptions: {debuggerAddress: localhost:52495}, goog:processID: 19384, networkConnectionEnabled: false, pageLoadStrategy: normal, platformName: windows, proxy: Proxy(), se:cdp: ws://localhost:52495/devtoo..., se:cdpVersion: 147.0.7727.56, setWindowRect: true, strictFileInteractability: false, timeouts: {implicit: 0, pageLoad: 300000, script: 30000}, unhandledPromptBehavior: dismiss and notify, webauthn:extension:credBlob: true, webauthn:extension:largeBlob: true, webauthn:extension:minPinLength: true, webauthn:extension:prf: true, webauthn:virtualAuthenticators: true}
Session ID: 6b8f16f839e0a7d5be3465f7799631fb
2026-04-20 23:51:07 [main] ERROR ActionDriver - Unable to click element
